// Vitest Snapshot v1, https://vitest.dev/guide/snapshot.html

exports[`SignUpPage > renders the SignUp Page 1`] = `
{
  "asFragment": [Function],
  "baseElement": <body>
    <div>
      <div
        class="little-logo signup-page__logo little-logo--desktop"
      >
        <img
          alt="Logo Pulse Form"
          class="little-logo__img"
          src="/src/assets/icons/mobile-logo.svg"
        />
        <p
          class="little-logo__title little-logo__title--desktop"
        >
          Pulse Form
        </p>
      </div>
      <img
        alt="BLOB_ALT_TEXT"
        aria-hidden="true"
        class="signup-page__blob"
        src="/src/assets/icons/blob/blob3.svg"
      />
      <section
        class="signup-page__form-section"
      >
        <div
          class="signup-page__image-side desktop-only"
        >
          <img
            alt="STEP_IMAGE_ALT"
            class="signup-page__step-image"
            src="/src/assets/images/step-img.svg"
          />
        </div>
        <div
          class="signup-page__form-container"
        >
          <h1
            class="login-page__title signup-page__ready-title mobile-only"
          >
            CREATE_ACCOUNT
          </h1>
          <h1
            class="signup-page__title"
          >
            CREATE_ACCOUNT
          </h1>
          <form
            class="signup-page__form"
          >
            <div
              class="input-field-wrapper"
            >
              <input
                aria-label="EMAIL"
                aria-required="true"
                class="input__login-page"
                name="email"
                placeholder="EMAIL"
                type="email"
                value=""
              />
            </div>
            <div
              class="input-field-wrapper"
            >
              <input
                aria-label="USERNAME"
                aria-required="true"
                class="input__login-page"
                name="username"
                placeholder="USERNAME"
                type="text"
                value=""
              />
            </div>
            <div
              class="input-field-wrapper"
            >
              <input
                aria-label="PASSWORD"
                aria-required="true"
                class="input__login-page"
                name="password"
                placeholder="PASSWORD"
                type="password"
                value=""
              />
              <button
                aria-label="SHOW_PASSWORD"
                class="input-field-wrapper__toggle "
                type="button"
              >
                <span />
              </button>
            </div>
            <div
              class="input-field-wrapper"
            >
              <input
                aria-label="CONFIRM_PASSWORD"
                aria-required="true"
                class="input__login-page"
                name="confirmPassword"
                placeholder="CONFIRM_PASSWORD"
                type="password"
                value=""
              />
              <button
                aria-label="SHOW_PASSWORD"
                class="input-field-wrapper__toggle "
                type="button"
              >
                <span />
              </button>
            </div>
            <button
              aria-label="CREATE_ACCOUNT"
              class="basic-button signup-page__connect-button basic-button--orange"
              type="submit"
            >
              CREATE_ACCOUNT
            </button>
          </form>
          <section
            aria-label="ACCOUNT_ACTIONS"
            class="already-member"
          >
            <div
              class="already-member__align"
            >
              <div
                class="already-member__motivation-block"
              >
                <p
                  class="already-member__motivation-title"
                >
                  ALREADY_HAVE_ACCOUNT
                </p>
                <div
                  class="already-member__primary-trait"
                />
              </div>
              <div
                class="already-member__create-account-block"
              >
                <a
                  aria-label="GO_TO_LOGIN"
                  class="already-member__create-account-button"
                  href="/login"
                >
                  CONNECT
                </a>
                <div
                  class="already-member__secondary-trait"
                />
              </div>
            </div>
          </section>
        </div>
      </section>
    </div>
  </body>,
  "container": <div>
    <div
      class="little-logo signup-page__logo little-logo--desktop"
    >
      <img
        alt="Logo Pulse Form"
        class="little-logo__img"
        src="/src/assets/icons/mobile-logo.svg"
      />
      <p
        class="little-logo__title little-logo__title--desktop"
      >
        Pulse Form
      </p>
    </div>
    <img
      alt="BLOB_ALT_TEXT"
      aria-hidden="true"
      class="signup-page__blob"
      src="/src/assets/icons/blob/blob3.svg"
    />
    <section
      class="signup-page__form-section"
    >
      <div
        class="signup-page__image-side desktop-only"
      >
        <img
          alt="STEP_IMAGE_ALT"
          class="signup-page__step-image"
          src="/src/assets/images/step-img.svg"
        />
      </div>
      <div
        class="signup-page__form-container"
      >
        <h1
          class="login-page__title signup-page__ready-title mobile-only"
        >
          CREATE_ACCOUNT
        </h1>
        <h1
          class="signup-page__title"
        >
          CREATE_ACCOUNT
        </h1>
        <form
          class="signup-page__form"
        >
          <div
            class="input-field-wrapper"
          >
            <input
              aria-label="EMAIL"
              aria-required="true"
              class="input__login-page"
              name="email"
              placeholder="EMAIL"
              type="email"
              value=""
            />
          </div>
          <div
            class="input-field-wrapper"
          >
            <input
              aria-label="USERNAME"
              aria-required="true"
              class="input__login-page"
              name="username"
              placeholder="USERNAME"
              type="text"
              value=""
            />
          </div>
          <div
            class="input-field-wrapper"
          >
            <input
              aria-label="PASSWORD"
              aria-required="true"
              class="input__login-page"
              name="password"
              placeholder="PASSWORD"
              type="password"
              value=""
            />
            <button
              aria-label="SHOW_PASSWORD"
              class="input-field-wrapper__toggle "
              type="button"
            >
              <span />
            </button>
          </div>
          <div
            class="input-field-wrapper"
          >
            <input
              aria-label="CONFIRM_PASSWORD"
              aria-required="true"
              class="input__login-page"
              name="confirmPassword"
              placeholder="CONFIRM_PASSWORD"
              type="password"
              value=""
            />
            <button
              aria-label="SHOW_PASSWORD"
              class="input-field-wrapper__toggle "
              type="button"
            >
              <span />
            </button>
          </div>
          <button
            aria-label="CREATE_ACCOUNT"
            class="basic-button signup-page__connect-button basic-button--orange"
            type="submit"
          >
            CREATE_ACCOUNT
          </button>
        </form>
        <section
          aria-label="ACCOUNT_ACTIONS"
          class="already-member"
        >
          <div
            class="already-member__align"
          >
            <div
              class="already-member__motivation-block"
            >
              <p
                class="already-member__motivation-title"
              >
                ALREADY_HAVE_ACCOUNT
              </p>
              <div
                class="already-member__primary-trait"
              />
            </div>
            <div
              class="already-member__create-account-block"
            >
              <a
                aria-label="GO_TO_LOGIN"
                class="already-member__create-account-button"
                href="/login"
              >
                CONNECT
              </a>
              <div
                class="already-member__secondary-trait"
              />
            </div>
          </div>
        </section>
      </div>
    </section>
  </div>,
  "debug": [Function],
  "findAllByAltText": [Function],
  "findAllByDisplayValue": [Function],
  "findAllByLabelText": [Function],
  "findAllByPlaceholderText": [Function],
  "findAllByRole": [Function],
  "findAllByTestId": [Function],
  "findAllByText": [Function],
  "findAllByTitle": [Function],
  "findByAltText": [Function],
  "findByDisplayValue": [Function],
  "findByLabelText": [Function],
  "findByPlaceholderText": [Function],
  "findByRole": [Function],
  "findByTestId": [Function],
  "findByText": [Function],
  "findByTitle": [Function],
  "getAllByAltText": [Function],
  "getAllByDisplayValue": [Function],
  "getAllByLabelText": [Function],
  "getAllByPlaceholderText": [Function],
  "getAllByRole": [Function],
  "getAllByTestId": [Function],
  "getAllByText": [Function],
  "getAllByTitle": [Function],
  "getByAltText": [Function],
  "getByDisplayValue": [Function],
  "getByLabelText": [Function],
  "getByPlaceholderText": [Function],
  "getByRole": [Function],
  "getByTestId": [Function],
  "getByText": [Function],
  "getByTitle": [Function],
  "queryAllByAltText": [Function],
  "queryAllByDisplayValue": [Function],
  "queryAllByLabelText": [Function],
  "queryAllByPlaceholderText": [Function],
  "queryAllByRole": [Function],
  "queryAllByTestId": [Function],
  "queryAllByText": [Function],
  "queryAllByTitle": [Function],
  "queryByAltText": [Function],
  "queryByDisplayValue": [Function],
  "queryByLabelText": [Function],
  "queryByPlaceholderText": [Function],
  "queryByRole": [Function],
  "queryByTestId": [Function],
  "queryByText": [Function],
  "queryByTitle": [Function],
  "rerender": [Function],
  "unmount": [Function],
}
`;
