// Vitest Snapshot v1, https://vitest.dev/guide/snapshot.html

exports[`FirstView > renders the FirstView component 1`] = `
{
  "asFragment": [Function],
  "baseElement": <body>
    <div>
      <div
        class="first-view"
      >
        <div
          class="first-view__blob"
        >
          <img
            alt="blob"
            class="first-view__blob__img"
            src="/src/assets/blobs/blob.svg"
          />
        </div>
        <div
          class="first-view__girl"
        >
          <img
            alt="girl"
            class="first-view__girl__img"
            src="/src/assets/images/girl.svg"
          />
        </div>
        <div
          class="first-view__header"
        >
          <div
            class="first-view__header__logo-m"
          >
            <div
              class="little-logo little-logo--mobile"
            >
              <img
                alt="Logo Pulse Form"
                class="little-logo__img"
                src="/src/assets/icons/mobile-logo.svg"
              />
              <p
                class="little-logo__title little-logo__title--mobile"
              >
                Pulse Form
              </p>
            </div>
          </div>
          <div
            class="first-view__header__logo-d"
          >
            <div
              class="little-logo little-logo--desktop"
            >
              <img
                alt="Logo Pulse Form"
                class="little-logo__img"
                src="/src/assets/icons/mobile-logo.svg"
              />
              <p
                class="little-logo__title little-logo__title--desktop"
              >
                Pulse Form
              </p>
            </div>
          </div>
          <div
            class="first-view__header__container"
          >
            <div
              class="first-view__header__container__buttom"
            >
              <button
                class="basic-button first-view__header__container__buttom__width basic-button--basic"
                type="button"
              >
                CREATE_ACCOUNT
              </button>
            </div>
            <a
              class="first-view__header__container__connect"
              href="/login"
            >
              CONNECT_MY
            </a>
          </div>
        </div>
        <p
          class="first-view__description"
        >
          LANDING_DESCRIPTION
        </p>
        <div
          class="first-view__buttom"
        >
          <button
            class="basic-button basic-button--basic"
            type="button"
          >
            CREATE_ACCOUNT
          </button>
        </div>
        <div
          class="first-view__buttom-program"
        >
          <button
            class="basic-button first-view__buttom-program__button basic-button--basic"
            type="button"
          >
            TEST_PROGRAM
          </button>
        </div>
      </div>
    </div>
  </body>,
  "container": <div>
    <div
      class="first-view"
    >
      <div
        class="first-view__blob"
      >
        <img
          alt="blob"
          class="first-view__blob__img"
          src="/src/assets/blobs/blob.svg"
        />
      </div>
      <div
        class="first-view__girl"
      >
        <img
          alt="girl"
          class="first-view__girl__img"
          src="/src/assets/images/girl.svg"
        />
      </div>
      <div
        class="first-view__header"
      >
        <div
          class="first-view__header__logo-m"
        >
          <div
            class="little-logo little-logo--mobile"
          >
            <img
              alt="Logo Pulse Form"
              class="little-logo__img"
              src="/src/assets/icons/mobile-logo.svg"
            />
            <p
              class="little-logo__title little-logo__title--mobile"
            >
              Pulse Form
            </p>
          </div>
        </div>
        <div
          class="first-view__header__logo-d"
        >
          <div
            class="little-logo little-logo--desktop"
          >
            <img
              alt="Logo Pulse Form"
              class="little-logo__img"
              src="/src/assets/icons/mobile-logo.svg"
            />
            <p
              class="little-logo__title little-logo__title--desktop"
            >
              Pulse Form
            </p>
          </div>
        </div>
        <div
          class="first-view__header__container"
        >
          <div
            class="first-view__header__container__buttom"
          >
            <button
              class="basic-button first-view__header__container__buttom__width basic-button--basic"
              type="button"
            >
              CREATE_ACCOUNT
            </button>
          </div>
          <a
            class="first-view__header__container__connect"
            href="/login"
          >
            CONNECT_MY
          </a>
        </div>
      </div>
      <p
        class="first-view__description"
      >
        LANDING_DESCRIPTION
      </p>
      <div
        class="first-view__buttom"
      >
        <button
          class="basic-button basic-button--basic"
          type="button"
        >
          CREATE_ACCOUNT
        </button>
      </div>
      <div
        class="first-view__buttom-program"
      >
        <button
          class="basic-button first-view__buttom-program__button basic-button--basic"
          type="button"
        >
          TEST_PROGRAM
        </button>
      </div>
    </div>
  </div>,
  "debug": [Function],
  "findAllByAltText": [Function],
  "findAllByDisplayValue": [Function],
  "findAllByLabelText": [Function],
  "findAllByPlaceholderText": [Function],
  "findAllByRole": [Function],
  "findAllByTestId": [Function],
  "findAllByText": [Function],
  "findAllByTitle": [Function],
  "findByAltText": [Function],
  "findByDisplayValue": [Function],
  "findByLabelText": [Function],
  "findByPlaceholderText": [Function],
  "findByRole": [Function],
  "findByTestId": [Function],
  "findByText": [Function],
  "findByTitle": [Function],
  "getAllByAltText": [Function],
  "getAllByDisplayValue": [Function],
  "getAllByLabelText": [Function],
  "getAllByPlaceholderText": [Function],
  "getAllByRole": [Function],
  "getAllByTestId": [Function],
  "getAllByText": [Function],
  "getAllByTitle": [Function],
  "getByAltText": [Function],
  "getByDisplayValue": [Function],
  "getByLabelText": [Function],
  "getByPlaceholderText": [Function],
  "getByRole": [Function],
  "getByTestId": [Function],
  "getByText": [Function],
  "getByTitle": [Function],
  "queryAllByAltText": [Function],
  "queryAllByDisplayValue": [Function],
  "queryAllByLabelText": [Function],
  "queryAllByPlaceholderText": [Function],
  "queryAllByRole": [Function],
  "queryAllByTestId": [Function],
  "queryAllByText": [Function],
  "queryAllByTitle": [Function],
  "queryByAltText": [Function],
  "queryByDisplayValue": [Function],
  "queryByLabelText": [Function],
  "queryByPlaceholderText": [Function],
  "queryByRole": [Function],
  "queryByTestId": [Function],
  "queryByText": [Function],
  "queryByTitle": [Function],
  "rerender": [Function],
  "unmount": [Function],
}
`;
